[    0.000000] Initializing cgroup subsys cpuset
[    0.000000] Initializing cgroup subsys cpu
[    0.000000] Initializing cgroup subsys cpuacct
[    0.000000] Linux version 4.4.0-164-generic (buildd@lgw01-amd64-021) (gcc version 5.4.0 20160609 (Ubuntu 5.4.0-6ubuntu1~16.04.10) ) #192-Ubuntu SMP Fri Sep 13 12:02:50 UTC 2019 (Ubuntu 4.4.0-164.192-generic 4.4.186)
[    0.000000] Command line: BOOT_IMAGE=/boot/vmlinuz-4.4.0-164-generic root=LABEL=cloudimg-rootfs ro console=tty1 console=ttyS0
[    0.000000] KERNEL supported cpus:
[    0.000000]   Intel GenuineIntel
[    0.000000]   AMD AuthenticAMD
[    0.000000]   Centaur CentaurHauls
[    0.000000] x86/fpu: xstate_offset[2]:  576, xstate_sizes[2]:  256
[    0.000000] x86/fpu: Supporting XSAVE feature 0x01: 'x87 floating point registers'
[    0.000000] x86/fpu: Supporting XSAVE feature 0x02: 'SSE registers'
[    0.000000] x86/fpu: Supporting XSAVE feature 0x04: 'AVX registers'
[    0.000000] x86/fpu: Enabled xstate features 0x7, context size is 832 bytes, using 'standard' format.
[    0.000000] e820: BIOS-provided physical RAM map:
[    0.000000] BIOS-e820: [mem 0x0000000000000000-0x000000000009fbff] usable
[    0.000000] BIOS-e820: [mem 0x000000000009fc00-0x000000000009ffff] reserved
[    0.000000] BIOS-e820: [mem 0x00000000000f0000-0x00000000000fffff] reserved
[    0.000000] BIOS-e820: [mem 0x0000000000100000-0x000000003ffeffff] usable
[    0.000000] BIOS-e820: [mem 0x000000003fff0000-0x000000003fffffff] ACPI data
[    0.000000] BIOS-e820: [mem 0x00000000fec00000-0x00000000fec00fff] reserved
[    0.000000] BIOS-e820: [mem 0x00000000fee00000-0x00000000fee00fff] reserved
[    0.000000] BIOS-e820: [mem 0x00000000fffc0000-0x00000000ffffffff] reserved
[    0.000000] NX (Execute Disable) protection: active
[    0.000000] SMBIOS 2.5 present.
[    0.000000] Hypervisor detected: KVM
[    0.000000] e820: last_pfn = 0x3fff0 max_arch_pfn = 0x400000000
[    0.000000] MTRR: Disabled
[    0.000000] x86/PAT: MTRRs disabled, skipping PAT initialization too.
[    0.000000] CPU MTRRs all blank - virtualized system.
[    0.000000] x86/PAT: Configuration [0-7]: WB  WT  UC- UC  WB  WT  UC- UC  
[    0.000000] found SMP MP-table at [mem 0x0009fff0-0x0009ffff] mapped at [ffff88000009fff0]
[    0.000000] Scanning 1 areas for low memory corruption
[    0.000000] RAMDISK: [mem 0x362f8000-0x37173fff]
[    0.000000] ACPI: Early table checksum verification disabled
[    0.000000] ACPI: RSDP 0x00000000000E0000 000024 (v02 VBOX  )
[    0.000000] ACPI: XSDT 0x000000003FFF0030 00003C (v01 VBOX   VBOXXSDT 00000001 ASL  00000061)
[    0.000000] ACPI: FACP 0x000000003FFF00F0 0000F4 (v04 VBOX   VBOXFACP 00000001 ASL  00000061)
[    0.000000] ACPI: DSDT 0x000000003FFF0470 0022EA (v02 VBOX   VBOXBIOS 00000002 INTL 20100528)
[    0.000000] ACPI: FACS 0x000000003FFF0200 000040
[    0.000000] ACPI: FACS 0x000000003FFF0200 000040
[    0.000000] ACPI: APIC 0x000000003FFF0240 00005C (v02 VBOX   VBOXAPIC 00000001 ASL  00000061)
[    0.000000] ACPI: SSDT 0x000000003FFF02A0 0001CC (v01 VBOX   VBOXCPUT 00000002 INTL 20100528)
[    0.000000] No NUMA configuration found
[    0.000000] Faking a node at [mem 0x0000000000000000-0x000000003ffeffff]
[    0.000000] NODE_DATA(0) allocated [mem 0x3ffeb000-0x3ffeffff]
[    0.000000] kvm-clock: Using msrs 4b564d01 and 4b564d00
[    0.000000] kvm-clock: cpu 0, msr 0:3ffe3001, primary cpu clock
[    0.000000] kvm-clock: using sched offset of 3155438784 cycles
[    0.000000] clocksource: kvm-clock: mask: 0xffffffffffffffff max_cycles: 0x1cd42e4dffb, max_idle_ns: 881590591483 ns
[    0.000000] Zone ranges:
[    0.000000]   DMA      [mem 0x0000000000001000-0x0000000000ffffff]
[    0.000000]   DMA32    [mem 0x0000000001000000-0x000000003ffeffff]
[    0.000000]   Normal   empty
[    0.000000]   Device   empty
[    0.000000] Movable zone start for each node
[    0.000000] Early memory node ranges
[    0.000000]   node   0: [mem 0x0000000000001000-0x000000000009efff]
[    0.000000]   node   0: [mem 0x0000000000100000-0x000000003ffeffff]
[    0.000000] Initmem setup node 0 [mem 0x0000000000001000-0x000000003ffeffff]
[    0.000000] ACPI: PM-Timer IO Port: 0x4008
[    0.000000] IOAPIC[0]: apic_id 2, version 32, address 0xfec00000, GSI 0-23
[    0.000000] ACPI: INT_SRC_OVR (bus 0 bus_irq 0 global_irq 2 dfl dfl)
[    0.000000] ACPI: INT_SRC_OVR (bus 0 bus_irq 9 global_irq 9 low level)
[    0.000000] Using ACPI (MADT) for SMP configuration information
[    0.000000] smpboot: Allowing 2 CPUs, 0 hotplug CPUs
[    0.000000] PM: Registered nosave memory: [mem 0x00000000-0x00000fff]
[    0.000000] PM: Registered nosave memory: [mem 0x0009f000-0x0009ffff]
[    0.000000] PM: Registered nosave memory: [mem 0x000a0000-0x000effff]
[    0.000000] PM: Registered nosave memory: [mem 0x000f0000-0x000fffff]
[    0.000000] e820: [mem 0x40000000-0xfebfffff] available for PCI devices
[    0.000000] Booting paravirtualized kernel on KVM
[    0.000000] clocksource: refined-jiffies: mask: 0xffffffff max_cycles: 0xffffffff, max_idle_ns: 7645519600211568 ns
[    0.000000] setup_percpu: NR_CPUS:512 nr_cpumask_bits:512 nr_cpu_ids:2 nr_node_ids:1
[    0.000000] PERCPU: Embedded 34 pages/cpu @ffff88003fc00000 s99544 r8192 d31528 u1048576
[    0.000000] Built 1 zonelists in Node order, mobility grouping on.  Total pages: 257912
[    0.000000] Policy zone: DMA32
[    0.000000] Kernel command line: BOOT_IMAGE=/boot/vmlinuz-4.4.0-164-generic root=LABEL=cloudimg-rootfs ro console=tty1 console=ttyS0
[    0.000000] PID hash table entries: 4096 (order: 3, 32768 bytes)
[    0.000000] Memory: 997724K/1048120K available (8622K kernel code, 1335K rwdata, 4032K rodata, 1488K init, 1284K bss, 50396K reserved, 0K cma-reserved)
[    0.000000] SLUB: HWalign=64, Order=0-3, MinObjects=0, CPUs=2, Nodes=1
[    0.000000] Kernel/User page tables isolation: enabled
[    0.000000] Hierarchical RCU implementation.
[    0.000000] 	Build-time adjustment of leaf fanout to 64.
[    0.000000] 	RCU restricting CPUs from NR_CPUS=512 to nr_cpu_ids=2.
[    0.000000] RCU: Adjusting geometry for rcu_fanout_leaf=64, nr_cpu_ids=2
[    0.000000] NR_IRQS:33024 nr_irqs:440 16
[    0.000000] Console: colour VGA+ 80x25
[    0.000000] console [tty1] enabled
[    0.000000] console [ttyS0] enabled
[    0.000000] tsc: Detected 2194.918 MHz processor
[    0.133610] Calibrating delay loop (skipped) preset value.. 4389.83 BogoMIPS (lpj=8779672)
[    0.135308] pid_max: default: 32768 minimum: 301
[    0.136335] ACPI: Core revision 20150930
[    0.137976] ACPI: 2 ACPI AML tables successfully acquired and loaded
[    0.139241] Security Framework initialized
[    0.140055] Yama: becoming mindful.
[    0.140771] AppArmor: AppArmor initialized
[    0.141687] Dentry cache hash table entries: 131072 (order: 8, 1048576 bytes)
[    0.144289] Inode-cache hash table entries: 65536 (order: 7, 524288 bytes)
[    0.145830] Mount-cache hash table entries: 2048 (order: 2, 16384 bytes)
[    0.147126] Mountpoint-cache hash table entries: 2048 (order: 2, 16384 bytes)
[    0.148758] Initializing cgroup subsys io
[    0.149593] Initializing cgroup subsys memory
[    0.150446] Initializing cgroup subsys devices
[    0.151294] Initializing cgroup subsys freezer
[    0.152150] Initializing cgroup subsys net_cls
[    0.153028] Initializing cgroup subsys perf_event
[    0.153951] Initializing cgroup subsys net_prio
[    0.154817] Initializing cgroup subsys hugetlb
[    0.155797] Initializing cgroup subsys pids
[    0.157693] mce: CPU supports 0 MCE banks
[    0.158498] Last level iTLB entries: 4KB 1024, 2MB 1024, 4MB 1024
[    0.159634] Last level dTLB entries: 4KB 1024, 2MB 1024, 4MB 1024, 1GB 4
[    0.160817] Spectre V1 : Mitigation: usercopy/swapgs barriers and __user pointer sanitization
[    0.162506] Spectre V2 : Mitigation: Full generic retpoline
[    0.163620] Spectre V2 : Spectre v2 / SpectreRSB mitigation: Filling RSB on context switch
[    0.165351] Speculative Store Bypass: Vulnerable
[    0.166446] MDS: Vulnerable: Clear CPU buffers attempted, no microcode
[    0.170699] Freeing SMP alternatives memory: 36K
[    0.177217] ftrace: allocating 32318 entries in 127 pages
[    0.239366] smpboot: APIC(0) Converting physical 0 to logical package 0
[    0.240600] smpboot: Max logical packages: 1
[    0.241959] x2apic enabled
[    0.242930] Switched APIC routing to physical x2apic.
[    0.245150] ..TIMER: vector=0x30 apic1=0 pin1=2 apic2=-1 pin2=-1
[    0.353522] smpboot: CPU0: Intel(R) Core(TM) i7-4770HQ CPU @ 2.20GHz (family: 0x6, model: 0x46, stepping: 0x1)
[    0.355606] Performance Events: unsupported p6 CPU model 70 no PMU driver, software events only.
[    0.367416] KVM setup paravirtual spinlock
[    0.368878] x86: Booting SMP configuration:
[    0.369846] .... node  #0, CPUs:      #1
[    0.370769] kvm-clock: cpu 1, msr 0:3ffe3041, secondary cpu clock
[    0.372432] mce: CPU supports 0 MCE banks
[    0.375068] x86: Booted up 1 node, 2 CPUs
[    0.376055] smpboot: Total of 2 processors activated (8779.67 BogoMIPS)
[    0.377790] devtmpfs: initialized
[    0.379744] evm: security.selinux
[    0.380474] evm: security.SMACK64
[    0.381175] evm: security.SMACK64EXEC
[    0.382003] evm: security.SMACK64TRANSMUTE
[    0.382825] evm: security.SMACK64MMAP
[    0.383623] evm: security.ima
[    0.384323] evm: security.capability
[    0.385345] clocksource: jiffies: mask: 0xffffffff max_cycles: 0xffffffff, max_idle_ns: 7645041785100000 ns
[    0.387274] futex hash table entries: 512 (order: 3, 32768 bytes)
[    0.388525] pinctrl core: initialized pinctrl subsystem
[    0.389665] RTC time: 16:46:39, date: 09/27/19
[    0.390744] NET: Registered protocol family 16
[    0.401596] cpuidle: using governor ladder
[    0.413717] cpuidle: using governor menu
[    0.414943] PCCT header not found.
[    0.416053] ACPI: bus type PCI registered
[    0.417147] acpiphp: ACPI Hot Plug PCI Controller Driver version: 0.5
[    0.418780] PCI: Using configuration type 1 for base access
[    0.430489] ACPI: Added _OSI(Module Device)
[    0.431851] ACPI: Added _OSI(Processor Device)
[    0.433085] ACPI: Added _OSI(3.0 _SCP Extensions)
[    0.434293] ACPI: Added _OSI(Processor Aggregator Device)
[    0.436301] ACPI: Executed 1 blocks of module-level executable AML code
[    0.439657] ACPI: Interpreter enabled
[    0.440426] ACPI: (supports S0 S5)
[    0.441182] ACPI: Using IOAPIC for interrupt routing
[    0.442471] PCI: Using host bridge windows from ACPI; if necessary, use "pci=nocrs" and report a bug
[    0.448096] ACPI: PCI Root Bridge [PCI0] (domain 0000 [bus 00-ff])
[    0.449295] acpi PNP0A03:00: _OSC: OS supports [ASPM ClockPM Segments MSI]
[    0.450925] acpi PNP0A03:00: _OSC: not requesting OS control; OS requires [ExtendedConfig ASPM ClockPM MSI]
[    0.453023] acpi PNP0A03:00: fail to add MMCONFIG information, can't access extended PCI configuration space under this bridge.
[    0.455574] PCI host bridge to bus 0000:00
[    0.456456] pci_bus 0000:00: root bus resource [io  0x0000-0x0cf7 window]
[    0.457805] pci_bus 0000:00: root bus resource [io  0x0d00-0xffff window]
[    0.459031] pci_bus 0000:00: root bus resource [mem 0x000a0000-0x000bffff window]
[    0.460552] pci_bus 0000:00: root bus resource [mem 0x40000000-0xfdffffff window]
[    0.462042] pci_bus 0000:00: root bus resource [bus 00-ff]
[    0.464918] pci 0000:00:01.1: legacy IDE quirk: reg 0x10: [io  0x01f0-0x01f7]
[    0.466539] pci 0000:00:01.1: legacy IDE quirk: reg 0x14: [io  0x03f6]
[    0.468080] pci 0000:00:01.1: legacy IDE quirk: reg 0x18: [io  0x0170-0x0177]
[    0.469636] pci 0000:00:01.1: legacy IDE quirk: reg 0x1c: [io  0x0376]
[    0.492518] pci 0000:00:07.0: quirk: [io  0x4000-0x403f] claimed by PIIX4 ACPI
[    0.494211] pci 0000:00:07.0: quirk: [io  0x4100-0x410f] claimed by PIIX4 SMB
[    0.502841] ACPI: PCI Interrupt Link [LNKA] (IRQs 5 9 10 *11)
[    0.505341] ACPI: PCI Interrupt Link [LNKB] (IRQs 5 9 *10 11)
[    0.507074] ACPI: PCI Interrupt Link [LNKC] (IRQs 5 *9 10 11)
[    0.508585] ACPI: PCI Interrupt Link [LNKD] (IRQs 5 9 10 *11)
[    0.510023] ACPI: Enabled 2 GPEs in block 00 to 07
[    0.511300] vgaarb: setting as boot device: PCI:0000:00:02.0
[    0.512230] vgaarb: device added: PCI:0000:00:02.0,decodes=io+mem,owns=io+mem,locks=none
[    0.513645] vgaarb: loaded
[    0.514234] vgaarb: bridge control possible 0000:00:02.0
[    0.515458] SCSI subsystem initialized
[    0.516416] ACPI: bus type USB registered
[    0.517225] usbcore: registered new interface driver usbfs
[    0.518143] usbcore: registered new interface driver hub
[    0.519249] usbcore: registered new device driver usb
[    0.520497] PCI: Using ACPI for IRQ routing
[    0.521669] NetLabel: Initializing
[    0.522621] NetLabel:  domain hash size = 128
[    0.523483] NetLabel:  protocols = UNLABELED CIPSOv4
[    0.525896] NetLabel:  unlabeled traffic allowed by default
[    0.527068] amd_nb: Cannot enumerate AMD northbridges
[    0.528110] clocksource: Switched to clocksource kvm-clock
[    0.537669] AppArmor: AppArmor Filesystem Enabled
[    0.538665] pnp: PnP ACPI init
[    0.540252] pnp: PnP ACPI: found 3 devices
[    0.550322] clocksource: acpi_pm: mask: 0xffffff max_cycles: 0xffffff, max_idle_ns: 2085701024 ns
[    0.552132] NET: Registered protocol family 2
[    0.553192] TCP established hash table entries: 8192 (order: 4, 65536 bytes)
[    0.554559] TCP bind hash table entries: 8192 (order: 5, 131072 bytes)
[    0.555632] TCP: Hash tables configured (established 8192 bind 8192)
[    0.556682] UDP hash table entries: 512 (order: 2, 16384 bytes)
[    0.557622] UDP-Lite hash table entries: 512 (order: 2, 16384 bytes)
[    0.558640] NET: Registered protocol family 1
[    0.559406] pci 0000:00:00.0: Limiting direct PCI/PCI transfers
[    0.560374] pci 0000:00:01.0: Activating ISA DMA hang workarounds
[    0.561448] Unpacking initramfs...
[    0.773941] Freeing initrd memory: 14832K
[    0.774937] clocksource: tsc: mask: 0xffffffffffffffff max_cycles: 0x1fa37202099, max_idle_ns: 440795206796 ns
[    0.776922] platform rtc_cmos: registered platform RTC device (no PNP device found)
[    0.778520] Scanning for low memory corruption every 60 seconds
[    0.780104] audit: initializing netlink subsys (disabled)
[    0.781211] audit: type=2000 audit(1569602804.426:1): initialized
[    0.782587] Initialise system trusted keyring
[    0.783822] HugeTLB registered 2 MB page size, pre-allocated 0 pages
[    0.786239] zbud: loaded
[    0.787195] VFS: Disk quotas dquot_6.6.0
[    0.788116] VFS: Dquot-cache hash table entries: 512 (order 0, 4096 bytes)
[    0.789645] squashfs: version 4.0 (2009/01/31) Phillip Lougher
[    0.791284] fuse init (API version 7.23)
[    0.792207] Key type big_key registered
[    0.792951] Allocating IMA MOK and blacklist keyrings.
[    0.794923] Key type asymmetric registered
[    0.795663] Asymmetric key parser 'x509' registered
[    0.796584] Block layer SCSI generic (bsg) driver version 0.4 loaded (major 249)
[    0.798031] io scheduler noop registered
[    0.798752] io scheduler deadline registered (default)
[    0.799634] io scheduler cfq registered
[    0.800413] pci_hotplug: PCI Hot Plug PCI Core version: 0.5
[    0.801641] pciehp: PCI Express Hot Plug Controller Driver version: 0.4
[    0.803466] ACPI: AC Adapter [AC] (on-line)
[    0.804391] input: Power Button as /devices/LNXSYSTM:00/LNXPWRBN:00/input/input0
[    0.805929] ACPI: Power Button [PWRF]
[    0.806850] input: Sleep Button as /devices/LNXSYSTM:00/LNXSLPBN:00/input/input1
[    0.808731] ACPI: Sleep Button [SLPF]
[    0.809809] GHES: HEST is not enabled!
[    0.811601] ACPI: Battery Slot [BAT0] (battery present)
[    0.812995] Serial: 8250/16550 driver, 32 ports, IRQ sharing enabled
[    0.834642] 00:02: ttyS0 at I/O 0x3f8 (irq = 4, base_baud = 115200) is a 16550A
[    0.839614] Linux agpgart interface v0.103
[    0.842071] loop: module loaded
[    0.843203] scsi host0: ata_piix
[    0.843979] scsi host1: ata_piix
[    0.844692] ata1: PATA max UDMA/33 cmd 0x1f0 ctl 0x3f6 bmdma 0xd000 irq 14
[    0.845718] ata2: PATA max UDMA/33 cmd 0x170 ctl 0x376 bmdma 0xd008 irq 15
[    0.846871] libphy: Fixed MDIO Bus: probed
[    0.847666] tun: Universal TUN/TAP device driver, 1.6
[    0.848731] tun: (C) 1999-2004 Max Krasnyansky <maxk@qualcomm.com>
[    0.850011] PPP generic driver version 2.4.2
[    0.851035] ehci_hcd: USB 2.0 'Enhanced' Host Controller (EHCI) Driver
[    0.852240] ehci-pci: EHCI PCI platform driver
[    0.853049] ehci-platform: EHCI generic platform driver
[    0.853891] ohci_hcd: USB 1.1 'Open' Host Controller (OHCI) Driver
[    0.854839] ohci-pci: OHCI PCI platform driver
[    0.855589] ohci-platform: OHCI generic platform driver
[    0.856450] uhci_hcd: USB Universal Host Controller Interface driver
[    0.857603] i8042: PNP: PS/2 Controller [PNP0303:PS2K,PNP0f03:PS2M] at 0x60,0x64 irq 1,12
[    0.859476] serio: i8042 KBD port at 0x60,0x64 irq 1
[    0.860288] serio: i8042 AUX port at 0x60,0x64 irq 12
[    0.861551] mousedev: PS/2 mouse device common for all mice
[    0.863382] input: AT Translated Set 2 keyboard as /devices/platform/i8042/serio0/input/input2
[    0.865195] rtc_cmos rtc_cmos: rtc core: registered rtc_cmos as rtc0
[    0.866334] rtc_cmos rtc_cmos: alarms up to one day, 114 bytes nvram
[    0.867458] i2c /dev entries driver
[    0.868318] device-mapper: uevent: version 1.0.3
[    0.869402] device-mapper: ioctl: 4.34.0-ioctl (2015-10-28) initialised: dm-devel@redhat.com
[    0.871248] ledtrig-cpu: registered to indicate activity on CPUs
[    0.872907] NET: Registered protocol family 10
[    0.874113] NET: Registered protocol family 17
[    0.874981] Key type dns_resolver registered
[    0.876016] registered taskstats version 1
[    0.876968] Loading compiled-in X.509 certificates
[    0.878435] Loaded X.509 cert 'Build time autogenerated kernel key: 24ad63d1d4c33254da6414eafe38a3477ac7de99'
[    0.880425] zswap: loaded using pool lzo/zbud
[    0.883220] Key type trusted registered
[    0.887005] Key type encrypted registered
[    0.888027] AppArmor: AppArmor sha1 policy hashing enabled
[    0.889272] ima: No TPM chip found, activating TPM-bypass!
[    0.890607] ima: Allocated hash algorithm: sha1
[    0.891594] evm: HMAC attrs: 0x1
[    0.892781]   Magic number: 3:980:793
[    0.893697] rtc_cmos rtc_cmos: setting system clock to 2019-09-27 16:46:40 UTC (1569602800)
[    0.895557] BIOS EDD facility v0.16 2004-Jun-25, 0 devices found
[    0.896720] EDD information not available.
[    1.008847] Freeing unused kernel memory: 1488K
[    1.010613] Write protecting the kernel read-only data: 14336k
[    1.013039] Freeing unused kernel memory: 1608K
[    1.014650] Freeing unused kernel memory: 64K
Loading, please wait...
starting version 229
[    1.028424] random: systemd-udevd: uninitialized urandom read (16 bytes read, 2 bits of entropy available)
[    1.028950] random: udevadm: uninitialized urandom read (16 bytes read, 2 bits of entropy available)
[    1.028969] random: udevadm: uninitialized urandom read (16 bytes read, 2 bits of entropy available)
[    1.034146] random: systemd-udevd: uninitialized urandom read (16 bytes read, 2 bits of entropy available)
[    1.035787] random: udevadm: uninitialized urandom read (16 bytes read, 2 bits of entropy available)
[    1.035822] random: udevadm: uninitialized urandom read (16 bytes read, 2 bits of entropy available)
[    1.035926] random: udevadm: uninitialized urandom read (16 bytes read, 2 bits of entropy available)
[    1.035968] random: udevadm: uninitialized urandom read (16 bytes read, 2 bits of entropy available)
[    1.036017] random: udevadm: uninitialized urandom read (16 bytes read, 2 bits of entropy available)
[    1.036057] random: udevadm: uninitialized urandom read (16 bytes read, 2 bits of entropy available)
[    1.077065] e1000: Intel(R) PRO/1000 Network Driver - version 7.3.21-k8-NAPI
[    1.078421] e1000: Copyright (c) 1999-2006 Intel Corporation.
[    1.079692] Fusion MPT base driver 3.04.20
[    1.080705] Copyright (c) 1999-2008 LSI Corporation
[    1.085070] Fusion MPT SPI Host driver 3.04.20
[    1.102215] AVX2 version of gcm_enc/dec engaged.
[    1.103210] AES CTR mode by8 optimization enabled
[    1.325738] input: ImExPS/2 Generic Explorer Mouse as /devices/platform/i8042/serio1/input/input4
[    1.802158] e1000 0000:00:03.0 eth0: (PCI:33MHz:32-bit) 02:af:57:b2:64:eb
[    1.803510] e1000 0000:00:03.0 eth0: Intel(R) PRO/1000 Network Connection
[    1.805526] mptbase: ioc0: Initiating bringup
[    2.071831] ioc0: LSI53C1030 A0: Capabilities={Initiator}
[    2.836094] scsi host2: ioc0: LSI53C1030 A0, FwRev=00000000h, Ports=1, MaxQ=256, IRQ=20
[    3.201632] scsi 2:0:0:0: Direct-Access     VBOX     HARDDISK         1.0  PQ: 0 ANSI: 5
[    3.204061] scsi target2:0:0: Beginning Domain Validation
[    3.207975] scsi target2:0:0: Domain Validation skipping write tests
[    3.209511] scsi target2:0:0: Ending Domain Validation
[    3.210856] scsi target2:0:0: asynchronous
[    3.212706] scsi 2:0:1:0: Direct-Access     VBOX     HARDDISK         1.0  PQ: 0 ANSI: 5
[    3.214471] scsi target2:0:1: Beginning Domain Validation
[    3.217790] scsi target2:0:1: Domain Validation skipping write tests
[    3.218792] scsi target2:0:1: Ending Domain Validation
[    3.219686] scsi target2:0:1: asynchronous
[    3.224850] sd 2:0:0:0: Attached scsi generic sg0 type 0
[    3.224935] sd 2:0:0:0: [sda] 20971520 512-byte logical blocks: (10.7 GB/10.0 GiB)
[    3.225051] sd 2:0:0:0: [sda] Write Protect is off
[    3.225114] sd 2:0:0:0: [sda] Incomplete mode parameter data
[    3.225115] sd 2:0:0:0: [sda] Assuming drive cache: write through
[    3.227778]  sda: sda1
[    3.228470] sd 2:0:0:0: [sda] Attached SCSI disk
[    3.244370] sd 2:0:1:0: Attached scsi generic sg1 type 0
[    3.244409] sd 2:0:1:0: [sdb] 20480 512-byte logical blocks: (10.5 MB/10.0 MiB)
[    3.244582] sd 2:0:1:0: [sdb] Write Protect is off
[    3.244702] sd 2:0:1:0: [sdb] Incomplete mode parameter data
[    3.244703] sd 2:0:1:0: [sdb] Assuming drive cache: write through
[    3.254779] sd 2:0:1:0: [sdb] Attached SCSI disk
[    3.568618] e1000 0000:00:08.0 eth1: (PCI:33MHz:32-bit) 08:00:27:f4:ec:c8
[    3.569853] e1000 0000:00:08.0 eth1: Intel(R) PRO/1000 Network Connection
[    3.571904] e1000 0000:00:03.0 enp0s3: renamed from eth0
[    3.589238] e1000 0000:00:08.0 enp0s8: renamed from eth1
Begin: Loading essential drivers ... [    4.908976] md: linear personality registered for level -1
[    4.912326] md: multipath personality registered for level -4
[    4.915657] md: raid0 personality registered for level 0
[    4.920671] md: raid1 personality registered for level 1
[    4.998982] raid6: sse2x1   gen() 10373 MB/s
[    5.072716] raid6: sse2x1   xor()  8271 MB/s
[    5.142761] raid6: sse2x2   gen() 13029 MB/s
[    5.216866] raid6: sse2x2   xor()  8825 MB/s
[    5.286498] raid6: sse2x4   gen() 14223 MB/s
[    5.356674] raid6: sse2x4   xor() 11266 MB/s
[    5.424493] raid6: avx2x1   gen() 19798 MB/s
[    5.492569] raid6: avx2x2   gen() 22568 MB/s
[    5.563016] raid6: avx2x4   gen() 27825 MB/s
[    5.563977] raid6: using algorithm avx2x4 gen() 27825 MB/s
[    5.565096] raid6: using avx2x2 recovery algorithm
[    5.568147] xor: automatically using best checksumming function:
[    5.608146]    avx       : 22720.000 MB/sec
[    5.610574] async_tx: api initialized (async)
[    5.621586] md: raid6 personality registered for level 6
[    5.622671] md: raid5 personality registered for level 5
[    5.623720] md: raid4 personality registered for level 4
[    5.631703] md: raid10 personality registered for level 10
done.
Begin: Running /scripts/init-premount ... done.
Begin: Mounting root file system ... Begin: Running /scripts/local-top ... done.
Begin: Running /scripts/local-premount ... [    5.659626] Btrfs loaded
Scanning for Btrfs filesystems
done.
Warning: fsck not present, so skipping root file system
[    5.686752] EXT4-fs (sda1): mounted filesystem with ordered data mode. Opts: (null)
done.
Begin: Running /scripts/local-bottom ... done.
Begin: Running /scripts/init-bottom ... done.
[    5.770116] systemd[1]: systemd 229 running in system mode. (+PAM +AUDIT +SELINUX +IMA +APPARMOR +SMACK +SYSVINIT +UTMP +LIBCRYPTSETUP +GCRYPT +GNUTLS +ACL +XZ -LZ4 +SECCOMP +BLKID +ELFUTILS +KMOD -IDN)
[    5.773092] systemd[1]: Detected virtualization oracle.
[    5.773961] systemd[1]: Detected architecture x86-64.

Welcome to [1mUbuntu 16.04.6 LTS[0m!

[    5.777532] systemd[1]: Set hostname to <ubuntu-xenial>.
[    5.902167] systemd[1]: Created slice System Slice.
[[0;32m  OK  [0m] Created slice System Slice.
[    5.903843] systemd[1]: Started Trigger resolvconf update for networkd DNS.
[[0;32m  OK  [0m] Started Trigger resolvconf update for networkd DNS.
[    5.905863] systemd[1]: Reached target Swap.
[[0;32m  OK  [0m] Reached target Swap.
[    5.907317] systemd[1]: Listening on Syslog Socket.
[[0;32m  OK  [0m] Listening on Syslog Socket.
[    5.916960] systemd[1]: Set up automount Arbitrary Executable File Formats File System Automount Point.
[[0;32m  OK  [0m] Set up automount Arbitrary Executab...ats File System Automount Point.
[    5.920995] systemd[1]: Listening on Journal Socket.
[[0;32m  OK  [0m] Listening on Journal Socket.
[    5.937320] systemd[1]: Starting Remount Root and Kernel File Systems...
         Starting Remount Root and Kernel File Systems...
[    5.942037] systemd[1]: Mounting Huge Pages File System...
         Mounting Huge Pages File System...
[    5.951024] EXT4-fs (sda1): re-mounted. Opts: (null)
[    5.954168] systemd[1]: Starting Nameserver information manager...
         Starting Nameserver information manager...
[    5.962000] systemd[1]: Starting Set console keymap...
         Starting Set console keymap...
[    5.973108] systemd[1]: Mounting Debug File System...
         Mounting Debug File System...
[    5.980469] systemd[1]: Created slice User and Session Slice.
[[0;32m  OK  [0m] Created slice User and Session Slice.
[    5.982574] systemd[1]: Starting Uncomplicated firewall...
         Starting Uncomplicated firewall...
[    5.992801] systemd[1]: Mounting POSIX Message Queue File System...
         Mounting POSIX Message Queue File System...
[    5.994621] systemd[1]: Reached target Encrypted Volumes.
[[0;32m  OK  [0m] Reached target Encrypted Volumes.
[    5.996775] systemd[1]: Created slice system-serial\x2dgetty.slice.
[[0;32m  OK  [0m] Created slice system-serial\x2dgetty.slice.
[    5.998556] systemd[1]: Listening on LVM2 poll daemon socket.
[[0;32m  OK  [0m] Listening on LVM2 poll daemon socket.
[    6.002092] systemd[1]: Starting Load Kernel Modules...
         Starting Load Kernel Modules...
[    6.008309] systemd[1]: Listening on Journal Socket (/dev/log).
[    6.009579] Loading iSCSI transport class v2.0-870.
[[0;32m  OK  [0m] Listening on Journal Socket (/dev/log).
[    6.011138] systemd[1]: Started Forward Password Requests to Wall Directory Watch.
[[0;32m  OK  [0m] Started Forward Password Requests to Wall Directory Watch.
[    6.013374] systemd[1]: Listening on udev Control Socket.
[[0;32m  OK  [0m] Listening on udev Control Socket.
[    6.015730] systemd[1]: Starting Create list of required static device nodes for the current kernel...
         Starting Create list of required st... nodes for the current kernel...
[    6.018520] systemd[1]: Listening on /dev/initctl Compatibility Named Pipe.
[[    6.020079] iscsi: registered transport (tcp)
[0;32m  OK  [0m] Listening on /dev/initctl Compatibility Named Pipe.
[    6.021405] systemd[1]: Reached target Slices.
[[0;32m  OK  [0m] Reached target Slices.
[    6.024738] systemd[1]: Listening on udev Kernel Socket.
[[0;32m  OK  [0m] Listening on udev Kernel Socket.
[    6.026543] systemd[1]: Listening on LVM2 metadata daemon socket.
[[0;32m  OK  [0m] Listening on LVM2 metadata daemon socket.
[    6.028743] systemd[1]: Reached target User and Group Name Lookups.
[[0;32m  OK  [0m] Reached target User and Group Name Lookups.
[    6.030522] systemd[1]: Listening on Device-mapper event daemon FIFOs.
[[0;32m  OK  [0m] Listening on Device-mapper event daemon FIFOs.
[    6.033213] systemd[1]: Starting Monitoring of LVM2 mirrors, snapshots etc. using dmeventd or progress polling...
         Starting Monitoring of LVM2 mirrors... dmeventd or progress polling...
[    6.036149] systemd[1]: Listening on Journal Audit Socket.
[[0;32m  OK  [0m] Listening on Journal Audit Socket.
[    6.039060] systemd[1]: Starting Journal Service...
         Starting Journal Service...
[    6.048552] systemd[1]: Reached target System Time Synchronized.
[[0;32m  OK  [0m] Reached target System Time Synchronized.
[    6.056458] iscsi: registered transport (iser)
[    6.057559] systemd[1]: Mounted Debug File System.
[[0;32m  OK  [0m] Mounted Debug File System.
[    6.059141] systemd[1]: Mounted POSIX Message Queue File System.
[[0;32m  OK  [0m] Mounted POSIX Message Queue File System.
[    6.060963] systemd[1]: Mounted Huge Pages File System.
[[0;32m  OK  [0m] Mounted Huge Pages File System.
[    6.063018] systemd[1]: Started Remount Root and Kernel File Systems.
[[0;32m  OK  [0m] Started Remount Root and Kernel File Systems.
[    6.067783] systemd[1]: Started Set console keymap.
[[0;32m  OK  [0m] Started Set console keymap.
[    6.070015] systemd[1]: Started Uncomplicated firewall.
[[0;32m  OK  [0m] Started Uncomplicated firewall.
[    6.072605] systemd[1]: Started Load Kernel Modules.
[[0;32m  OK  [0m] Started Load Kernel Modules.
[    6.074421] systemd[1]: Started Create list of required static device nodes for the current kernel.
[[0;32m  OK  [0m] Started Create list of required sta...ce nodes for the current kernel.
[    6.077346] systemd[1]: Started Nameserver information manager.
[[0;32m  OK  [0m] Started Nameserver information manager.
[    6.080844] systemd[1]: Started Journal Service.
[[0;32m  OK  [0m] Started Journal Service.
[[0;32m  OK  [0m] Started LVM2 metadata daemon.
         Starting Create Static Device Nodes in /dev...
         Starting Apply Kernel Variables...
         Mounting FUSE Control File System...
         Starting Flush Journal to Persistent Storage...
         Starting Load/Save Random Seed...
         Starting udev Coldplug all Devices...
[[0;32m  OK  [0m] Mounted FUSE Control File System.
[[0;32m  OK  [0m] Started Create Static Device Nodes in /dev.
[[0;32m  OK  [0m] Started Apply Kernel Variables.
[[0;32m  OK  [0m] Started Load/Save Random Seed.
[[0;32m  OK  [0m] Started Flush Journal to Persistent Storage.
         Starting udev Kernel Device Manager...
[[0;32m  OK  [0m] Started udev Coldplug all Devices.
[[0;32m  OK  [0m] Started udev Kernel Device Manager.
[[0;32m  OK  [0m] Started Dispatch Password Requests to Console Directory Watch.
[[0;32m  OK  [0m] Started Monitoring of LVM2 mirrors,...ng dmeventd or progress polling.
[[0;32m  OK  [0m] Reached target Local File Systems (Pre).
[[0;32m  OK  [0m] Reached target Local File Systems.
         Starting Set console font and keymap...
         Starting Create Volatile Files and Directories...
         Starting Tell Plymouth To Write Out Runtime Data...
         Starting LSB: AppArmor initialization...
         Starting Initial cloud-init job (pre-networking)...
[[0;32m  OK  [0m] Started Create Volatile Files and Directories.
[[0;32m  OK  [0m] Started Tell Plymouth To Write Out Runtime Data.
         Starting Update UTMP about System Boot/Shutdown...
[[0;32m  OK  [0m] Started Update UTMP about System Boot/Shutdown.
[[0;32m  OK  [0m] Found device 82540EM Gigabit Ethern...r (PRO/1000 MT Desktop Adapter).
[[0;32m  OK  [0m] Started LSB: AppArmor initialization.
[[0;32m  OK  [0m] Found device 82540EM Gigabit Ethern...r (PRO/1000 MT Desktop Adapter).
[[0;32m  OK  [0m] Found device /dev/ttyS0.
[[0;32m  OK  [0m] Listening on Load/Save RF Kill Switch Status /dev/rfkill Watch.
[[0;32m  OK  [0m] Started Set console font and keymap.
[[0;32m  OK  [0m] Created slice system-getty.slice.
[    6.874818] cloud-init[491]: Cloud-init v. 19.2-24-ge7881d5c-0ubuntu1~16.04.1 running 'init-local' at Fri, 27 Sep 2019 16:46:46 +0000. Up 6.64 seconds.
[[0;32m  OK  [0m] Started Initial cloud-init job (pre-networking).
[[0;32m  OK  [0m] Reached target Network (Pre).
[[0;32m  OK  [0m] Started ifup for enp0s8.
         Starting Raise network interfaces...
[[0;32m  OK  [0m] Started ifup for enp0s3.
[[0;32m  OK  [0m] Started Raise network interfaces.
         Starting Initial cloud-init job (metadata service crawler)...
[[0;32m  OK  [0m] Reached target Network.
[    7.586203] cloud-init[1053]: Cloud-init v. 19.2-24-ge7881d5c-0ubuntu1~16.04.1 running 'init' at Fri, 27 Sep 2019 16:46:47 +0000. Up 7.36 seconds.
[    7.587195] cloud-init[1053]: ci-info: ++++++++++++++++++++++++++++++++++++++Net device info+++++++++++++++++++++++++++++++++++++++
[    7.588270] cloud-init[1053]: ci-info: +--------+------+-----------------------------+---------------+--------+-------------------+
[    7.596866] cloud-init[1053]: ci-info: | Device |  Up  |           Address           |      Mask     | Scope  |     Hw-Address    |
[    7.604770] cloud-init[1053]: ci-info: +--------+------+-----------------------------+---------------+--------+-------------------+
[    7.605707] cloud-init[1053]: ci-info: | enp0s3 | True |          10.0.2.15          | 255.255.255.0 | global | 02:af:57:b2:64:eb |
[    7.606783] cloud-init[1053]: ci-info: | enp0s3 | True |  fe80::af:57ff:feb2:64eb/64 |       .       |  link  | 02:af:57:b2:64:eb |
[    7.612482] cloud-init[1053]: ci-info: | enp0s8 | True |        192.168.33.10        | 255.255.255.0 | global | 08:00:27:f4:ec:c8 |
[    7.620653] cloud-init[1053]: ci-info: | enp0s8 | True | fe80::a00:27ff:fef4:ecc8/64 |       .       |  link  | 08:00:27:f4:ec:c8 |
[    7.629006] cloud-init[1053]: ci-info: |   lo   | True |          127.0.0.1          |   255.0.0.0   |  host  |         .         |
[    7.641352] [[0;32m  OK  [0m] Started Initial cloud-init job (metadata service crawler).
[[0;32m  OK  [0m] Reached target Network is Online.
cloud-init[1053]: ci-info: |   lo   | True |           ::1/128           |       .       |  host  |         .         |
[    7.644030] cloud-init[1053]: ci-info: +--------+------+-----------------------------+---------------+--------+-------------------+
[    7.645068] cloud-init[1053]: ci-info: ++++++++++++++++++++++++++++Route IPv4 info++++++++++++++++++++++++++++
[    7.653045]          Starting iSCSI initiator daemon (iscsid)...
[[0;32m  OK  [0m] Reached target Cloud-config availability.
[[0;32m  OK  [0m] Reached target System Initialization.
cloud-init[1053]: ci-info: +-------+--------------+----------+---------------+-----------+-------+
[    7.660274] [[0;32m  OK  [0m] Started ACPI Events Check.
[[0;32m  OK  [0m] Reached target Paths.
cloud-init[1053]: ci-info: | Route | Destination  | Gateway  |    Genmask    | Interface | Flags |
[    7.662331] [[0;32m  OK  [0m] Started Daily apt download activities.
[[0;32m  OK  [0m] Started Daily apt upgrade and clean activities.
[[0;32m  OK  [0m] Listening on ACPID Listen Socket.
[[0;32m  OK  [0m] Listening on UUID daemon activation socket.
cloud-init[1053]: ci-info: +-------+--------------+----------+---------------+-----------+-------+
         Starting Socket activation for snappy daemon.
[[0;32m  OK  [0m] Listening on D-Bus System Message Bus Socket.
[[0;32m  OK  [0m] Started Daily Cleanup of Temporary Directories.
[[0;32m  OK  [0m] Reached target Timers.
         Starting LXD - unix socket.
[[0;32m  OK  [0m] Listening on Socket activation for snappy daemon.
[    7.665666] cloud-init[1053]: ci-info: |   0   |   0.0.0.0    | 10.0.2.2 |    0.0.0.0    |   enp0s3  |   UG  |
[    7.672436] cloud-init[1053]: ci-info: |   1   |   10.0.2.0   | 0.0.0.0  | 255.255.255.0 |   enp0s3  |   U   |
[    7.673481] cloud-init[1053]: ci-info: |   2   | 192.168.33.0 | 0.0.0.0  | 255.255.255.0 |   enp0s8  |   U   |
[    7.674240] cloud-init[1053]: ci-info: +-------+--------------+----------+---------------+-----------+-------+
[    7.674413] cloud-init[1053]: ci-info: +++++++++++++++++++Route IPv6 info+++++++++++++++++++
[    7.674490] cloud-init[1053]: ci-info: +-------+-------------+---------+-----------+-------+
[    7.674570] cloud-init[1053]: ci-info: | Route | Destination | Gateway | Interface | Flags |
[    7.674657] cloud-init[1053]: ci-info: +-------+-------------+---------+-----------+-------+
[    7.674738] cloud-init[1053]: ci-info: |   0   |  fe80::/64  |    ::   |   enp0s8  |   U   |
[[0;32m  OK  [0m] Listening on LXD - unix socket.[    7.674852] cloud-init[1053]: ci-info: |   1   |  fe80::/64  |    ::   |   enp0s3  |   U   |
[    7.676767] cloud-init[1053]: ci-info: |   4   |   ff00::/8  |    ::   |   enp0s8  |   U   |
[    7.676869] cloud-init[1053]: ci-info: |   5   |   ff00::/8  |    ::   |   enp0s3  |   U   |
[    7.677000] cloud-init[1053]: ci-info: +-------+-------------+---------+-----------+-------+

[[0;32m  OK  [0m] Started iSCSI initiator daemon (iscsid).
         Starting Login to default iSCSI targets...
[[0;32m  OK  [0m] Reached target Sockets.
[[0;32m  OK  [0m] Reached target Basic System.
[[0;32m  OK  [0m] Started FUSE filesystem for LXC.
         Starting MySQL Community Server...
         Starting LSB: MD monitoring daemon...
         Starting LXD - container startup/shutdown...
         Starting Snappy daemon...
         Starting Virtualbox guest utils...
         Starting /etc/rc.local Compatibility...
[[0;32m  OK  [0m] Started Regular background program processing daemon.
         Starting System Logging Service...
[[0;32m  OK  [0m] Started D-Bus System Message Bus.
         Starting Accounts Service...
[[0;32m  OK  [0m] Started ACPI event daemon.
         Starting Login Service...
         Starting LSB: Record successful boot for GRUB...
         Starting OpenBSD Secure Shell server...
[[0;32m  OK  [0m] Started Deferred execution scheduler.
[[0;32m  OK  [0m] Started System Logging Service.
[[0;32m  OK  [0m] Started /etc/rc.local Compatibility.
[[0;32m  OK  [0m] Started OpenBSD Secure Shell server.
[[0;32m  OK  [0m] Started Login to default iSCSI targets.
[[0;32m  OK  [0m] Started LXD - container startup/shutdown.
[[0;32m  OK  [0m] Started LSB: MD monitoring daemon.
[[0;32m  OK  [0m] Started Snappy daemon.
[[0;32m  OK  [0m] Started Login Service.
[[0;32m  OK  [0m] Started LSB: Record successful boot for GRUB.
[[0;32m  OK  [0m] Started Unattended Upgrades Shutdown.
         Starting Authenticate and Authorize Users to Run Privileged Tasks...
         Starting Wait until snapd is fully seeded...
[[0;32m  OK  [0m] Reached target Remote File Systems (Pre).
[[0;32m  OK  [0m] Reached target Remote File Systems.
         Starting LSB: Apache2 web server...
         Starting LSB: daemon to balance interrupts for SMP systems...
         Starting LSB: Set the CPU Frequency Scaling governor to "ondemand"...
         Starting Permit User Sessions...
         Starting LSB: automatic crash report generation...
[[0;32m  OK  [0m] Started Virtualbox guest utils.
[[0;32m  OK  [0m] Started Permit User Sessions.
[[0;32m  OK  [0m] Started Wait until snapd is fully seeded.
[[0;32m  OK  [0m] Started LSB: daemon to balance interrupts for SMP systems.
[[0;32m  OK  [0m] Started Authenticate and Authorize Users to Run Privileged Tasks.
[[0;32m  OK  [0m] Started Accounts Service.
         Starting Apply the settings specified in cloud-config...
         Starting Hold until boot process finishes up...
         Starting Terminate Plymouth Boot Screen...
[[0;32m  OK  [0m] Started LSB: Set the CPU Frequency Scaling governor to "ondemand".
[[0;32m  OK  [0m] Started LSB: automatic crash report generation.
[[0;32m  OK  [0m] Started Hold until boot process finishes up.
[[0;32m  OK  [0m] Started Terminate Plymouth Boot Screen.
         Starting Set console scheme...
[[0;32m  OK  [0m] Started Serial Getty on ttyS0.
[[0;32m  OK  [0m] Started Getty on tty1.
[[0;32m  OK  [0m] Reached target Login Prompts.
[[0;32m  OK  [0m] Started Set console scheme.
[    8.646310] cloud-init[1311]: Cloud-init v. 19.2-24-ge7881d5c-0ubuntu1~16.04.1 running 'modules:config' at Fri, 27 Sep 2019 16:46:48 +0000. Up 8.56 seconds.
[[0;32m  OK  [0m] Started Apply the settings specified in cloud-config.
[[0;32m  OK  [0m] Started MySQL Community Server.
[[0;32m  OK  [0m] Started LSB: Apache2 web server.
[[0;32m  OK  [0m] Reached target Multi-User System.
         Starting Execute cloud user/final scripts...
[[0;32m  OK  [0m] Reached target Graphical Interface.
         Starting Update UTMP about System Runlevel Changes...
[[0;32m  OK  [0m] Started Update UTMP about System Runlevel Changes.
[    9.700418] cloud-init[1404]: Cloud-init v. 19.2-24-ge7881d5c-0ubuntu1~16.04.1 running 'modules:final' at Fri, 27 Sep 2019 16:46:49 +0000. Up 9.60 seconds.
[    9.701564] cloud-init[1404]: Cloud-init v. 19.2-24-ge7881d5c-0ubuntu1~16.04.1 finished at Fri, 27 Sep 2019 16:46:49 +0000. Datasource DataSourceNoCloud [seed=/dev/sdb][dsmode=net].  Up 9.69 seconds
[[0;32m  OK  [0m] Started Execute cloud user/final scripts.
[[0;32m  OK  [0m] Reached target Cloud-init target.
         Starting Daily apt download activities...
[[0;32m  OK  [0m] Created slice User Slice of vagrant.
         Starting User Manager for UID 1000...
[[0;32m  OK  [0m] Started Session 1 of user vagrant.
[[0;32m  OK  [0m] Started User Manager for UID 1000.

Ubuntu 16.04.6 LTS ubuntu-xenial ttyS0

ubuntu-xenial login:          Stopping User Manager for UID 1000...
[[0;32m  OK  [0m] Closed Load/Save RF Kill Switch Status /dev/rfkill Watch.
         Stopping Session 32 of user vagrant.
         Stopping Authenticate and Authorize Users to Run Privileged Tasks...
[[0;32m  OK  [0m] Stopped target Cloud-init target.
[[0;32m  OK  [0m] Stopped target Timers.
[[0;32m  OK  [0m] Stopped Daily apt upgrade and clean activities.
[[0;32m  OK  [0m] Stopped Daily apt download activities.
[[0;32m  OK  [0m] Stopped target System Time Synchronized.
         Stopping ACPI event daemon...
[[0;32m  OK  [0m] Stopped Execute cloud user/final scripts.
[[0;32m  OK  [0m] Stopped Apply the settings specified in cloud-config.
[[0;32m  OK  [0m] Stopped target Cloud-config availability.
[[0;32m  OK  [0m] Stopped Daily Cleanup of Temporary Directories.
[[0;32m  OK  [0m] Stopped target Graphical Interface.
[[0;32m  OK  [0m] Stopped target Multi-User System.
         Stopping System Logging Service...
[[0;32m  OK  [0m] Stopped Wait until snapd is fully seeded.
[[0;32m  OK  [0m] Stopped target Login Prompts.
         Stopping Getty on tty1.         Stopping Serial Getty on ttyS0...
         Stopping Deferred execution scheduler...
         Stopping Virtualbox guest utils...
         Stopping OpenBSD Secure Shell server...
         Stopping Unattended Upgrades Shutdown...
         Stopping Regular background program processing daemon...
         Stopping D-Bus System Message Bus...
         Stopping LSB: Set the CPU Frequency Scaling governor to "ondemand"...
         Stopping LSB: Record successful boot for GRUB...
         Stopping LSB: automatic crash report generation...
         Stopping LSB: Apache2 web server...
         Stopping LSB: MD monitoring daemon...
         Stopping Accounts Service...
         Stopping LSB: daemon to balance interrupts for SMP systems...
         Stopping LXD - container startup/shutdown...
         Stopping FUSE filesystem for LXC...
         Stopping MySQL Community Server...
[[0;32m  OK  [0m] Unmounted /var/lib/lxcfs.
[[0;32m  OK  [0m] Stopped Regular background program processing daemon.
[[0;32m  OK  [0m] Stopped System Logging Service.
[[0;32m  OK  [0m] Stopped Accounts Service.
[[0;32m  OK  [0m] Stopped Deferred execution scheduler.
[[0;32m  OK  [0m] Stopped OpenBSD Secure Shell server.
[[0;32m  OK  [0m] Stopped Authenticate and Authorize Users to Run Privileged Tasks.
[[0;32m  OK  [0m] Stopped Unattended Upgrades Shutdown.
[[0;32m  OK  [0m] Stopped Serial Getty on ttyS0.
[[0;32m  OK  [0m] Stopped Getty on tty1.
[[0;32m  OK  [0m] Stopped ACPI event daemon.
[[0;32m  OK  [0m] Stopped User Manager for UID 1000.
[[0;32m  OK  [0m] Stopped Session 32 of user vagrant.
[[0;32m  OK  [0m] Stopped D-Bus System Message Bus.
[[0;32m  OK  [0m] Stopped FUSE filesystem for LXC.
[[0;32m  OK  [0m] Stopped Virtualbox guest utils.
[[0;32m  OK  [0m] Stopped LSB: Set the CPU Frequency Scaling governor to "ondemand".
[[0;32m  OK  [0m] Stopped LSB: Record successful boot for GRUB.
[[0;32m  OK  [0m] Stopped LSB: MD monitoring daemon.
[[0;32m  OK  [0m] Stopped LSB: automatic crash report generation.
[[0;32m  OK  [0m] Stopped LXD - container startup/shutdown.
[[0;32m  OK  [0m] Stopped LSB: daemon to balance interrupts for SMP systems.
[[0;32m  OK  [0m] Removed slice User Slice of vagrant.
[[0;32m  OK  [0m] Removed slice system-getty.slice.
[[0;32m  OK  [0m] Removed slice system-serial\x2dgetty.slice.
         Stopping Permit User Sessions...
[[0;32m  OK  [0m] Stopped /etc/rc.local Compatibility.
         Stopping Login Service...
[[0;32m  OK  [0m] Stopped Permit User Sessions.
[[0;32m  OK  [0m] Stopped LSB: Apache2 web server.
[[0;32m  OK  [0m] Stopped target Remote File Systems.
[[0;32m  OK  [0m] Stopped target Remote File Systems (Pre).
         Stopping Login to default iSCSI targets...
[[0;32m  OK  [0m] Stopped Login Service.
[[0;32m  OK  [0m] Stopped target User and Group Name Lookups.
[[0;32m  OK  [0m] Stopped Login to default iSCSI targets.
         Stopping iSCSI initiator daemon (iscsid)...
[[0;32m  OK  [0m] Stopped iSCSI initiator daemon (iscsid).
[[0;32m  OK  [0m] Stopped target Network is Online.
[[0;32m  OK  [0m] Stopped MySQL Community Server.
[[0;32m  OK  [0m] Stopped target Basic System.
[[0;32m  OK  [0m] Stopped target Paths.
[[0;32m  OK  [0m] Stopped ACPI Events Check.
[[0;32m  OK  [0m] Stopped Forward Password Requests to Wall Directory Watch.
[[0;32m  OK  [0m] Stopped Dispatch Password Requests to Console Directory Watch.
[[0;32m  OK  [0m] Stopped target Slices.
[[0;32m  OK  [0m] Removed slice User and Session Slice.
[[0;32m  OK  [0m] Stopped target Sockets.
[[0;32m  OK  [0m] Closed UUID daemon activation socket.
[[0;32m  OK  [0m] Closed Syslog Socket.
[[0;32m  OK  [0m] Closed D-Bus System Message Bus Socket.
[[0;32m  OK  [0m] Closed Socket activation for snappy daemon.
[[0;32m  OK  [0m] Closed LXD - unix socket.
[[0;32m  OK  [0m] Closed ACPID Listen Socket.
[[0;32m  OK  [0m] Stopped target System Initialization.
[[0;32m  OK  [0m] Stopped target Encrypted Volumes.
         Stopping Load/Save Random Seed...
         Stopping Update UTMP about System Boot/Shutdown...
[[0;32m  OK  [0m] Stopped target Swap.
[[0;32m  OK  [0m] Stopped Initial cloud-init job (metadata service crawler).
[[0;32m  OK  [0m] Stopped target Network.
         Stopping Raise network interfaces...
[[0;32m  OK  [0m] Stopped Load/Save Random Seed.
[[0;32m  OK  [0m] Stopped Update UTMP about System Boot/Shutdown.
[[0;32m  OK  [0m] Stopped Create Volatile Files and Directories.
[[0;32m  OK  [0m] Stopped Raise network interfaces.
[[0;32m  OK  [0m] Stopped target Local File Systems.
         Unmounting /run/user/1000...
         Unmounting /vagrant...
[[0;32m  OK  [0m] Stopped Apply Kernel Variables.
[[0;32m  OK  [0m] Stopped Load Kernel Modules.
[[0;32m  OK  [0m] Stopped target Network (Pre).
[[0;32m  OK  [0m] Stopped Initial cloud-init job (pre-networking).
[[0;32m  OK  [0m] Unmounted /run/user/1000.
[[0;32m  OK  [0m] Unmounted /vagrant.
[[0;32m  OK  [0m] Reached target Unmount All Filesystems.
[[0;32m  OK  [0m] Stopped target Local File Systems (Pre).
[[0;32m  OK  [0m] Stopped Remount Root and Kernel File Systems.
         Stopping Monitoring of LVM2 mirrors... dmeventd or progress polling...
[[0;32m  OK  [0m] Stopped Create Static Device Nodes in /dev.
[[0;32m  OK  [0m] Reached target Shutdown.
[31751.666719] reboot: Power down
